
=== 0202_基本設計仕様書(在庫管理機能).xlsx ===
  - 非表示シート除外: 0件
  - セル値カバレッジ: 100.00% (13708/13708)
  - 取り消し線: 非出力 22種（セル＋図形0件・HTML残存 0種）
  - 画像: DrawingML pic=163 / HTML埋め込み=163
  - 画像レイヤー群: 42/42
  - 在庫移動指示検索: DrawingML番号pin=30
  - 在庫移動指示検索: DrawingML画像=4
  - 画面遷移図SVG: 6/6 (コネクタ 242/242, 遷移 77/77)
  - 未解決connector(hard): 期待=0 HTML台帳=0
  - リンク: item行id=790 pin id=789 (デッドリンク 0)
  - 図形・テキストボックス内テキスト: 非出力 1177/1177（出力除外規約）
  - 出力除外セクション見出し: 0件
  - 新規実装なのに「現行仕様」: 0件
  - 【新規】シートへの埋め込み: 0件
  OK: 全チェック合格

=== 廃止仕様の明示（superseded-spec） ===
  - 埋め込み先シートなし（プレビューのみで明示）: functions/pf-eccube3/f03-03_front_product_product_detail_search.md
  - 埋め込み先シートなし（プレビューのみで明示）: functions/pf-eccube3/f06-08_front_member_mypage_arrival_notification.md
  - 埋め込み先シートなし（プレビューのみで明示）: functions/pf-eccube3/f06-09_front_member_mypage_favorite_product.md
  - 埋め込み先シートなし（プレビューのみで明示）: functions/pf-eccube3/f06-10_front_member_mypage_point_history.md
  - 埋め込み先シートなし（プレビューのみで明示）: functions/pf-eccube3/f07-04_front_event_event_entry_complete.md
  - 埋め込み先シートなし（プレビューのみで明示）: functions/pf-eccube3/m03-02_admin_product_product_edit.md
  - 埋め込み先シートなし（プレビューのみで明示）: functions/pf-eccube3/m03-03_admin_product_product_card_csv_export.md
  - 埋め込み先シートなし（プレビューのみで明示）: functions/pf-eccube3/m03-11_admin_product_product_category_register_edit.md
  - 埋め込み先シートなし（プレビューのみで明示）: functions/pf-eccube3/m03-26_admin_product_product_card_csv_import.md
  - 埋め込み先シートなし（プレビューのみで明示）: functions/pf-eccube3/m06-03_admin_store_purchase_purchase_store_otc_buy_info_edit.md
  - 埋め込み先シートなし（プレビューのみで明示）: functions/pf-eccube3/m12-03_admin_analytics_sales_order_analysis_summary.md
  - 埋め込み先シートなし（プレビューのみで明示）: functions/pf-eccube3/m12-05_admin_analytics_sales_arrival_notification_search_list.md
  - 埋め込み先シートなし（プレビューのみで明示）: functions/pf-eccube3/m13-02_admin_event_event_edit_delete.md
  - 埋め込み先シートなし（プレビューのみで明示）: functions/pf-eccube3/m13-05_admin_event_event_duplicate_register.md
  - 埋め込み先シートなし（プレビューのみで明示）: functions/pf-eccube3/m13-06_admin_event_event_entry_management_search.md
  - 埋め込み先シートなし（プレビューのみで明示）: functions/pf-eccube3/m13-08_admin_event_event_deck_view.md
  - 埋め込み先シートなし（プレビューのみで明示）: functions/pf-eccube3/m13-10_admin_event_event_entry_edit.md
  - 埋め込み先シートなし（プレビューのみで明示）: functions/pf-eccube3/m13-12_admin_event_event_entry_register.md
  - 台帳エントリ: 33（機能設計書 18 本）
  - 要トリアージの廃止指示: 0（うち新規 0／残りはベースライン退避済み）
  NG: 台帳 0214-1-12: 書番 0214 のHTMLが見つからない
  NG: 台帳 0214-4-1: 書番 0214 のHTMLが見つからない
  NG: 台帳 0214-4-2: 書番 0214 のHTMLが見つからない
  NG: 台帳 0214-4-3: 書番 0214 のHTMLが見つからない
  NG: 台帳 0214-3-1: 書番 0214 のHTMLが見つからない
  NG: 台帳 0214-5: 書番 0214 のHTMLが見つからない
  NG: 台帳 0303-sheet-5-detail-search-screen: 書番 0303 のHTMLが見つからない
  NG: 台帳 0303-sheet-5-cardset: 書番 0303 のHTMLが見つからない
  NG: 台帳 0204-5-26: 書番 0204 のHTMLが見つからない
  NG: 台帳 0204-25-12: 書番 0204 のHTMLが見つからない
  NG: 台帳 0204-card-csv-4cols: 書番 0204 のHTMLが見つからない
  NG: 台帳 0211-M12-05-member-name-keyword: 書番 0211 のHTMLが見つからない
  NG: 台帳 0205-10-15: 書番 0205 のHTMLが見つからない
  NG: 台帳 0205-10-9: 書番 0205 のHTMLが見つからない
  NG: 台帳 0209-13-1-27: 書番 0209 のHTMLが見つからない
  NG: 台帳 0211-8-9: 書番 0211 のHTMLが見つからない
  NG: 台帳 0214-5-1-13: 書番 0214 のHTMLが見つからない
  NG: 台帳 0214-5-2-3: 書番 0214 のHTMLが見つからない
  NG: 台帳 0214-10-3-2: 書番 0214 のHTMLが見つからない
  NG: 台帳 0214-13-9: 書番 0214 のHTMLが見つからない
  NG: 台帳 0306-8-2: 書番 0306 のHTMLが見つからない
  NG: 台帳 0306-9-2: 書番 0306 のHTMLが見つからない
  NG: 台帳 0306-10-2: 書番 0306 のHTMLが見つからない
  NG: 台帳 0214-18-8: 書番 0214 のHTMLが見つからない

=== フェーズ2対応の明示（phase2-spec） ===
  - 埋め込み先シートなし（プレビューのみで明示）: functions/ec-cube-enterprise/a06-14_api_store_purchase_otc_buy_order_partial_cancel_sync.md
  - 埋め込み先シートなし（プレビューのみで明示）: functions/ec-cube-enterprise/b01-02_batch_data_stock_shortage.md
  - 埋め込み先シートなし（プレビューのみで明示）: functions/ec-cube-enterprise/b01-03_batch_data_stock_warning.md
  - 埋め込み先シートなし（プレビューのみで明示）: functions/ec-cube-enterprise/m03-43_admin_product_product_simple_low_price_csv_export.md
  - 埋め込み先シートなし（プレビューのみで明示）: functions/ec-cube-enterprise/m03-44_admin_product_product_simple_low_price_csv_import.md
  - 埋め込み先シートなし（プレビューのみで明示）: functions/ec-cube-enterprise/m04-06_admin_stock_stock_shortage_csv_export.md
  - 埋め込み先シートなし（プレビューのみで明示）: functions/ec-cube-enterprise/m04-07_admin_stock_stock_warning_csv_export.md
  - 埋め込み先シートなし（プレビューのみで明示）: functions/ec-cube-enterprise/m06-13_admin_store_purchase_purchase_store_product_cancel_csv_export.md
  - 埋め込み先シートなし（プレビューのみで明示）: functions/ec-cube-enterprise/m08-11_admin_customer_customer_analysis_tag_master.md
  - 埋め込み先シートなし（プレビューのみで明示）: functions/ec-cube-enterprise/m08-15_admin_customer_customer_analysis_tag_csv_export.md
  - 埋め込み先シートなし（プレビューのみで明示）: functions/ec-cube-enterprise/m08-16_admin_customer_customer_analysis_tag_csv_import.md
  - 埋め込み先シートなし（プレビューのみで明示）: functions/pf-eccube3/f02-01_front_global_nav_global_nav_pc.md
  - 埋め込み先シートなし（プレビューのみで明示）: functions/pf-eccube3/f02-02_front_global_nav_global_nav_sp.md
  - 埋め込み先シートなし（プレビューのみで明示）: functions/pf-eccube3/f02-03_front_global_nav_branch_global_nav_pc.md
  - 埋め込み先シートなし（プレビューのみで明示）: functions/pf-eccube3/f02-04_front_global_nav_branch_global_nav_sp.md
  - 埋め込み先シートなし（プレビューのみで明示）: functions/pf-eccube3/f02-05_front_global_nav_global_nav_notification.md
  - 埋め込み先シートなし（プレビューのみで明示）: functions/pf-eccube3/f06-05_front_member_mypage_index.md
  - 埋め込み先シートなし（プレビューのみで明示）: functions/pf-eccube3/m06-01_admin_store_purchase_purchase_store_search_list.md
  - 埋め込み先シートなし（プレビューのみで明示）: functions/pf-eccube3/m06-03_admin_store_purchase_purchase_store_otc_buy_info_edit.md
  - 埋め込み先シートなし（プレビューのみで明示）: functions/pf-eccube3/m08-01_admin_customer_customer_search_list.md
  - 埋め込み先シートなし（プレビューのみで明示）: functions/pf-eccube3/m08-04_admin_customer_customer_edit.md
  - 埋め込み先シートなし（プレビューのみで明示）: functions/pf-eccube3/m08-14_admin_customer_customer_resend_provisional_mail.md
  - Ph2台帳エントリ: 25（機能設計書 22 本）
  - 対象が特定できず要判定のPh2注記: 4 件
  OK: Ph2台帳の全エントリがバナー・Markdownに反映され、テスト除外リストとも同期

VERIFY FAILED
